   Compiling proc-macro2 v1.0.107
   Compiling quote v1.0.47
   Compiling unicode-ident v1.0.24
   Compiling serde_core v1.0.229
   Compiling libc v0.2.189
   Compiling serde v1.0.229
   Compiling pin-project-lite v0.2.17
   Compiling cfg-if v1.0.4
   Compiling parking v2.2.1
   Compiling futures-core v0.3.34
   Compiling winnow v1.0.4
   Compiling version_check v0.9.5
   Compiling autocfg v1.5.1
   Compiling crossbeam-utils v0.8.23
   Compiling equivalent v1.0.2
   Compiling hashbrown v0.17.1
   Compiling generic-array v0.14.7
   Compiling zeroize v1.9.0
   Compiling toml_datetime v1.1.1+spec-1.1.0
   Compiling syn v3.0.5
   Compiling syn v2.0.119
   Compiling indexmap v2.14.2
   Compiling toml_parser v1.1.3+spec-1.1.0
   Compiling futures-io v0.3.34
   Compiling typenum v1.20.1
   Compiling fastrand v2.5.0
   Compiling concurrent-queue v2.5.0
   Compiling toml_edit v0.25.15+spec-1.1.0
   Compiling event-listener v5.4.2
   Compiling subtle v2.6.1
   Compiling proc-macro-crate v3.5.0
   Compiling bitflags v2.13.2
   Compiling rustix v1.1.4
   Compiling event-listener-strategy v0.5.4
   Compiling futures-lite v2.6.1
   Compiling getrandom v0.2.17
   Compiling errno v0.3.14
   Compiling linux-raw-sys v0.12.1
   Compiling find-msvc-tools v0.1.11
   Compiling shlex v2.0.1
   Compiling slab v0.4.12
   Compiling cc v1.4.4
   Compiling signal-hook-registry v1.4.8
   Compiling crypto-common v0.1.7
   Compiling block-buffer v0.10.4
   Compiling async-io v2.6.0
   Compiling once_cell v1.21.4
   Compiling digest v0.10.7
   Compiling semver v1.0.28
   Compiling endi v1.1.1
   Compiling async-task v4.7.1
   Compiling ring v0.17.14
   Compiling rustc_version v0.4.1
   Compiling async-channel v2.5.0
   Compiling mio v1.2.3
   Compiling enumflags2_derive v0.7.12
   Compiling socket2 v0.6.5
   Compiling bytes v1.12.1
   Compiling serde_derive v1.0.229
   Compiling tokio-macros v2.7.2
   Compiling const-oid v0.9.6
   Compiling atomic-waker v1.1.2
   Compiling piper v0.2.5
   Compiling tokio v1.53.1
   Compiling der v0.7.10
   Compiling tracing-attributes v0.1.31
   Compiling curve25519-dalek v4.1.3
   Compiling tracing-core v0.1.36
   Compiling polling v3.11.0
   Compiling async-lock v3.4.2
   Compiling zvariant_utils v4.2.0
   Compiling zcheapstr v1.1.0
   Compiling enumflags2 v0.7.12
   Compiling async-signal v0.2.14
   Compiling cpufeatures v0.2.17
   Compiling untrusted v0.9.0
   Compiling utf8parse v0.2.2
   Compiling anstyle-parse v1.0.0
   Compiling async-process v2.5.0
   Compiling tracing v0.1.44
   Compiling zvariant_derive v5.15.0
   Compiling zvariant v5.15.0
   Compiling spki v0.7.3
   Compiling blocking v1.7.0
   Compiling serde_repr v0.1.21
   Compiling async-trait v0.1.92
   Compiling curve25519-dalek-derive v0.1.1
   Compiling zbus_names v4.3.4
   Compiling async-recursion v1.1.1
   Compiling async-executor v1.14.0
   Compiling zbus_macros v5.19.0
   Compiling rand_core v0.6.4
   Compiling async-broadcast v0.7.2
   Compiling uuid v1.26.1
   Compiling rustls-pki-types v1.15.1
   Compiling num-traits v0.2.19
   Compiling ordered-stream v0.2.0
   Compiling zmij v1.0.23
   Compiling hex v0.4.3
   Compiling anstyle v1.0.14
   Compiling colorchoice v1.0.5
   Compiling rustls v0.23.43
   Compiling anstyle-query v1.1.5
   Compiling cfg_aliases v0.2.2
   Compiling is_terminal_polyfill v1.70.2
   Compiling nix v0.29.0
   Compiling anstream v1.0.0
   Compiling zbus v5.19.0
   Compiling pkcs8 v0.10.2
   Compiling rustls-webpki v0.103.15
   Compiling sha2 v0.10.9
   Compiling futures-macro v0.3.34
   Compiling hmac v0.12.1
   Compiling serde_json v1.0.151
   Compiling strsim v0.11.1
   Compiling clap_lex v1.1.0
   Compiling thiserror v1.0.69
   Compiling futures-task v0.3.34
   Compiling heck v0.5.0
   Compiling signature v2.2.0
   Compiling option-ext v0.2.0
   Compiling dirs-sys v0.4.1
   Compiling ed25519 v2.2.3
   Compiling clap_derive v4.6.4
   Compiling futures-util v0.3.34
   Compiling clap_builder v4.6.6
   Compiling hkdf v0.12.4
   Compiling thiserror-impl v1.0.69
   Compiling itoa v1.0.18
   Compiling memchr v2.8.3
   Compiling iana-time-zone v0.1.65
   Compiling log v0.4.34
   Compiling pastey v0.2.3
   Compiling notify-rust v4.18.0
   Compiling ksni v0.3.6
   Compiling clap v4.6.6
   Compiling chrono v0.4.45
   Compiling tokio-rustls v0.26.4
   Compiling spake2 v0.4.0
   Compiling ed25519-dalek v2.2.0
   Compiling directories v5.0.1
   Compiling clix v0.1.0 (<BUILD>/source)
    Finished `release` profile [optimized] target(s) in 1m 00s
